Late submission rate (in time: 1, decrease 0.2 per late submission day): 1
Slab structure grade: 10
Functionality test grade: 74.4
Functionality test score is at least 66, run bonus test
Bonus (list api): 10
Bonus (in-cache): 10
Private test grade: 14


                                                                                                                                                      
                                                                                                                                                      
                                                                                                                                                      
   ***#***+**+**+++**++++++++++=++---###%###-----------------------------:----------------------------------------+@@@@@@@@@@@@@@@@@@@@@@@@@@@@@@@@   
   *++++++++++**++++++++++*+++++**--=##%###------------------------------:---------------------------------------=+@@@@@@@@@@@@@@@@@@@@@@@@@@@@@@@@   
   +++++++++####=++*#**%##%##@@@@@=-=#%###=------------:-----------------:---------------------------------------=+@@@@@@@@@@@@@@@@@@@@@@@@@@@@@@@@   
   +++++++++#####*#%##%#@%@@@@@%*=--#####=---------------------------:--::------:--------------------------------=#@@@@@@@@@@@@@@@@@@@@@@@@@@@@@@@@   
   =+++++=+%#%#%##@#@#####@#*++==#--#%##=-------------:---:-----------:--:---:--------:--------------------------=@@@@@@@@@@@@@@@@@@@@@@@@@@@@@@@@@   
   +++++*##@%######@#%####+####=##*-###+--------------:-----::::::-:-::::-:::::::-::-----------------------------=@@@@@@@@@@@@@%++#@@@@@@@@@@@@@@@@   
   +*#@@@@@@#@#@##+##%=#######*=##--##*---------------:::::::-::::::::-::::::-::::::::-::------------------------=@@@@@@@@@@@@@#+#@@@@@@@@@@@@@@@@@   
   @@@@@@@@%###====--=-===++++##+*=-=#-:------------:-:::-::-:-:::::::::::::::::-::-::::::::-::------------------=@%@@@@@@@@@@@+=+%@@@@@@@@@@@@@@@@   
   @@@@%+====-=::--:-=:=++=++#==+**--*-----------::-::::-:::::::::::::::::::::::::::::::--::::::-----------------@@@@@@@@@@@@@%==#@@@@@@@@@@@@@@@@@   
   *======---:--=+==++==*+=++#+=++#--+-------::--::::::::::::::::::::::::::::::::::::::::::-:--::-::-------------@@@@@@@@@%@@@*==%@@@@@@@@@%##%@@@@   
   =--------====+++==++=**++***=++#---:-----::-::::---::::::::::::::::::::::::::::::::::::+:::-::::--:-----------%%%@@@@@@%%%%===+**#@@@@@%#**+*#%@   
   ------===+==-=*+==**=+#+=*#*=+=#+--:-----:::::::::-#-::::::::::::::::::::::::::::::::::#-:::::::::-::---------%%%%%@@@@@@@#==+++***###@@%#####%@   
   --=======++===+*+=+#*=##+*#*+=++#------:::::-----+%%-:::::::::::::::::::.:::::::::::::::%-::::--:::::--------%@@%%%%%+=====-=+*+*++++++++%@%#@@@   
   --=++=====++==+#*++##+##+=##+=+=#--:------::----%%@%-::::::::::::::::.::.::::::::::::::-%=:-::::::-::-::----=@@@@@@@#==--=-+++%@@@@#*+++++++#@@@   
   -==+++====*++==##+=##++%#=##*===*---%@--------=%%#%%%-:::::::::.::::..::::::.::::::::::-%%---:=:--:------%-==@@@@@@@#=========#%@@@@@@%*+++++++*   
   -===*+=--=+*+==#%#=*%#+##=+**===+---@@@@----*%*%%@%%%-:::*:::.:.....:.:::#:::.:::::::::::%%:--:-%------%@@-=+@@@@@@@#+++++++++######%@@@@%*+++++   
   -===+*+===+##+=+%%++##=*#+=*++-=#---+@@@@*%%-+%=%%%%%%-::::..:.::..::::::#:::.#:.::::::::%%%-%---:-=#-@@@%-=+@@@@@@@@@@@@@@@@@@@@@@@@@@@@@@@%#*+   
   -====##+===##+==#%*=##++#+-++*==*----%@@@@@%--------+#%:::::::...::....::##::::#-::.:.:::-#-----:---*@#@%-==+@@@@@@@@@@@@@@@@@@@@@@@@@@@@@@@@@@%   
   ==---*##==-+%#==+%#=+#+=#*=+++==+--=---@@@@@@*=@@%@@+-=-:::#-::...:..:..:*##::::##+::::::::===@%*=%@@%@---@=+@@@@@@@@@@@@@@@@@@@@@@@@@@@@@@@@@@@   
   ===--=%#+===##+-=##++*+=**+%%+=----=----=@%@@@%+@%=**++::=:::+-+::.:-.:+::#=##::.#--=+%::::--%@*%@%#%=----@=+@@@@@@@@@@@@@@@@@@@@@@@@@@@@@@@@@@@   
   ======#%#==-*#*=-##+-++=+#+*+%+-::-=:::----%@@%%#%%+++++++++=:##+#=:::.:#::#####*:-**+++++%#%%%%%%%-------@=+*@@@@@@@@@@@@@@@@@@@@@@@@@@@@@@@@@@   
   ======+%#+===#*==+#*==*+%@++##+=--=-::::-=---@@%%%%%+#+***+%%#%###+##:::::#=:##%%##%#+*+==%%%%%%%%-.%-----@@++@@@@@@@@@@@@@@@@@@@@@@@@@@@@@@@@@@   
   +=====-#%#==-**+==#*=#@%==*+@+==-:-::::::=:---@%%%%%%%###%#%%###############%##%%#%%%##%%%%%%%%%%--.@-----=@++@@@@@@@@@@@@@@@@@@@@@@@@@@@@@@@@@@   
   *======+%#===+*+==+*+%#==+#+%+-:---:::::==:::--@%%###########%#################%##%%%########%##=---@%----=@*+*@@@@@@@@@@@@@@@@@@@@@@@@@@@@@@@@@   
   #+====-=##+-==*+==@@%+==+#%#-==-:=-::::.==:::::#@################%###############%#############+----@@---==@@++@@@@@@@@@@@@@@@@@@@@@@@@@@@@@@@@@   
   #*=====-+#*===+++#%++==%+==-+-:----::::==-::::::%%##############%###%#%%####%#################*::---@@@=====@%+@@@@@@@@@@@@@@@@@@@@@@@@@@@@@@@@@   
   =#+======#*+-=#%#=*=++#%%-==--::--::::===::::.:::=%%#########%#####%#@@@%####################=:::--=@@@+====@@++%@@@@@@@@@@@@@@@@@@@@@@@@@@@@@@@   
   -##======+*+=@@%==+=@+==-+-----==-::::===::::.::::-@%%################@@########%###########:::::---@@@@====@@@*@@@@@@@@@@@@@@@@@@@@@@@@@@@@@@@@   
   ==#+==-===**+*=+===%%%--=---=:-=-::::==+*:::::::----@%%%%###########################%###%%+-:::::---=@@@@===+@@*#@@@@@@@@@@@@@@@@@@@@@@@@@@@@@@@   
   +=*#===-=%@@+=%=*#=+=-=---=--:==-:::==+*-:::::--+@@@@@#%%###############################+%%%%#+-:---=@@@@*==+@@@*@@@@@@@@@@@@@@@@@@@@@@@@@@@@@@@   
   *==*+--=#%*=++#+%+=--=-:--==:===:::-=========+@@@@@@@%%%##########===========##########%%%%%%%%%%%%-=@@@@@===+@@%#@@@@@@@@@@@@@@@@@@@@@@@@@@@@@@   
   *+-++---==#==+=+#+-==-:-==---==::::=========+@@@@%%%%%%%%############*++++*#########*%%%%%%%%%%%%%%%--%@@@@===@@@*@@@@@@@@@@@@@@@@@@@@@@@@@@@@@@   
   *+==+=---=#=*#=%=:+--:===---===---=#+======+%%%%%%%%%%%#%######*###############*####+#%%%%%%%%%%%%%%--%%@*#*==+@@*#@@@@@@@@@@@@@@@@@@@@@@@@@@@@@   
   *++-+=---==+@#+--=-:-===-=--==-#@@@+=======+%%%%%%%%%%##############+#####+#########+##%#%%%%%%%%%%%=-*%%%#*###@@@+@@@@@@@@@@@@@@@@@@@@@@@@@@@@@   
   #**==+=---#+=-:=-::-===-----=+@@@#+========%%%%%%%%%%#%###*############################%%%%%%%%%%%%%--#%%%***##*%@+@@@@@@@@@@@@@@@@@@@@@@@@@@@@@   
   %%==-=+---+#-:+-::----------+@##*++========%%%%%%%%#%%#%################################%#%%%%%%%%%%--#%%%****####=#@@@@@@@@@@@@@@@@@@@@@@@@@@@@   
   +=#*====----==::-======-=--=@###*++=======-#%%%%%%#@@@@-@@@#:@@*+@@@@.+@%:.:@:@*@#@..@#@.@@@@#%%%%%#--%%%******#####@@@@@@@@@@@@@@@@@@@@@@@@@@@@   
   ==+++====----::-=========-=@@#**+=========:*%%%%%%%@+    How dare you get over 100%!!!   .=++#%%%%#--*%%%*******###%@@@@@@@@@@@@@@@@@@@@@@@@@@@@   
   ==#@*====--:::-===========@@##+*+=========::##%%%#%##         (Congratulations!)         ##%%%%%%#*:-%%%#*******####@@@@@@@@@@@@@@@@@@@@@@@@@@@@   
   ==%@%%==+-::-==========-=*@##**+=========#+:-##%%#%%########+#####################*######%##%##%##--#%%%++******####%%@@@@@@@@@@@@@@@@@@@@@@@@@@   
                                                                                                                                                      
                                                                                                                                                      
                                                                                                                                                      
                                                                                                                                                      

Student b12902078 got score: 118.4, record score as:
student_id,slab,func,list,cache,private,late_submission_rate,score
b12902078,10,74.4,10,10,14,1,118.4
